[backblue.gif]
[fade.gif]
[index.html]
[www.rpmanager.com/index.html]
[www.rpmanager.com/images/indexS_04-over.jpg]
[www.rpmanager.com/styles.css]
[www.rpmanager.com/images/siteTop_news-over.jpg]
[www.rpmanager.com/images/siteTop_about-over.jpg]
[www.rpmanager.com/images/siteTop_screenshot-over.jpg]
[www.rpmanager.com/images/siteTop_downloads-over.jpg]
[www.rpmanager.com/images/siteTop_purchase-over.jpg]
[www.rpmanager.com/images/siteTop_tutorials-over.jpg]
[www.rpmanager.com/images/siteTop_email-over.jpg]
[www.rpmanager.com/images/siteTop_freeTools-over.jpg]
[www.rpmanager.com/images/indexS_05_black.jpg]
[www.rpmanager.com/images/siteTop_bg01.jpg]
[www.rpmanager.com/images/siteTopS_02.jpg]
[www.rpmanager.com/images/siteTop_news.jpg]
[www.rpmanager.com/images/siteTopS_04.jpg]
[www.rpmanager.com/images/siteTop_bg01-siteTop_about_.jpg]
[www.rpmanager.com/news.htm]
[www.rpmanager.com/images/siteTopS_06.jpg]
[www.rpmanager.com/images/siteTop_about.jpg]
[www.rpmanager.com/about.htm]
[www.rpmanager.com/images/siteTop_screenshot.jpg]
[www.rpmanager.com/images/siteTopS_08.jpg]
[www.rpmanager.com/images/siteTop_downloads.jpg]
[www.rpmanager.com/screenshots.htm]
[www.rpmanager.com/download.htm]
[www.rpmanager.com/images/siteTop_purchase.jpg]
[www.rpmanager.com/images/siteTop_tutorials.jpg]
[www.rpmanager.com/images/siteTopS_10.jpg]
[www.rpmanager.com/images/siteTopS_12.jpg]
[www.rpmanager.com/images/siteTopS_14.jpg]
[www.rpmanager.com/purchase.htm]
[www.rpmanager.com/images/siteTopS_15.jpg]
[www.rpmanager.com/tutorials.htm]
[www.rpmanager.com/images/siteTopS_16.jpg]
[www.rpmanager.com/images/siteTop_email.jpg]
[www.rpmanager.com/images/siteTopS_18.jpg]
[www.rpmanager.com/images/siteTopS_20.jpg]
[www.rpmanager.com/images/siteTopS_19.jpg]
[www.rpmanager.com/images/siteTopS_22.jpg]
[www.rpmanager.com/images/siteTopS_21.jpg]
[www.rpmanager.com/images/siteTopS_24.jpg]
[www.rpmanager.com/images/siteTopS_25.jpg]
[www.rpmanager.com/images/siteTopS_26.jpg]
[www.rpmanager.com/images/indexS_01.jpg]
[www.rpmanager.com/images/indexS_02.jpg]
[www.rpmanager.com/images/indexS_03.jpg]
[www.rpmanager.com/freeTools.htm]
[www.rpmanager.com/images/indexS_04.jpg]
[www.rpmanager.com/images/indexS_05.jpg]
[www.rpmanager.com/images/siteTopS_23.jpg]
[www.rpmanager.com/images/siteBottom.jpg]
[www.rpmanager.com/support.htm]
[www.rpmanager.com/images/siteMiddleShortS_04-over.jpg]
[www.rpmanager.com/images/bullet.jpg]
[www.rpmanager.com/images/siteMiddleShortS_07-over.jpg]
[www.rpmanager.com/images/siteMiddleShortS_05-black.jpg]
[www.rpmanager.com/images/bj.jpg]
[www.rpmanager.com/images/siteTop_news-black.jpg]
[www.rpmanager.com/images/siteMiddleShortS_01.jpg]
[www.rpmanager.com/images/siteMiddleShortS_02.jpg]
[www.rpmanager.com/images/siteMiddleShortS_03.jpg]
[www.rpmanager.com/images/siteMiddleShortS_04.jpg]
[www.rpmanager.com/images/siteMiddleShortS_05.jpg]
[www.rpmanager.com/links.htm]
[www.rpmanager.com/images/siteMiddleShortS_06.jpg]
[www.rpmanager.com/images/siteMiddleShortS_07.jpg]
[www.rpmanager.com/images/siteMiddleShortS_08.jpg]
[www.rpmanager.com/images/siteMiddleShortS_09.jpg]
[www.rpmanager.com/screenshots/3.13/finalRenderUI.gif]
[www.rpmanager.com/screenshots/Full/Atmos.gif]
[www.rpmanager.com/index.htm]
[www.rpmanager.com/screenshots/3.13/objectPropertyInspectorEditor.gif]
[www.rpmanager.com/screenshots/3.13/VisibilitySetInspector.gif]
[www.rpmanager.com/screenshots/3.1Update/deadlineUI.gif]
[www.rpmanager.com/screenshots/3.1Update/rushUI.gif]
[www.rpmanager.com/screenshots/3.1Update/smedge.gif]
[www.rpmanager.com/testimonials.htm]
[www.rpmanager.com/screenshots/3.1Update/MR.gif]
[www.rpmanager.com/screenshots/NewPresets.gif]
[www.rpmanager.com/screenshots/NewAutoOutputSetup.gif]
[www.rpmanager.com/help/RPManager.chm]
[www.rpmanager.com/screenshots/Full/XrefRollout.gif]
[www.rpmanager.com/images/siteTop_about-black.jpg]
[www.rpmanager.com/images/siteTop_screenshot-black.jpg]
[www.rpmanager.com/screenshots/WorkflowSample.zip]
[www.rpmanager.com/screenshots/BriefVray.zip]
[www.rpmanager.com/screenshots/TabbedInterface.zip]
[www.rpmanager.com/screenshots/CompositingSample.zip]
[www.rpmanager.com/featuresRPManager.htm]
[www.rpmanager.com/featuresRPManagerLite.htm]
[www.rpmanager.com/faq.htm]
[www.rpmanager.com/screenshots/brazilCapture-OldInterface.zip]
[www.rpmanager.com/screenshots/Full/CommonParamsExpandedGlobals.gif]
[www.rpmanager.com/screenshots/Full/CommonParams.gif]
[www.rpmanager.com/screenshots/Full/RendererTab.gif]
[www.rpmanager.com/screenshots/Full/BrazilRenderSettings.gif]
[www.rpmanager.com/screenshots/Full/VraySettings.gif]
[www.rpmanager.com/screenshots/Full/RenderElementsTab.gif]
[www.rpmanager.com/screenshots/Full/Effects.gif]
[www.rpmanager.com/screenshots/3.1Update/newBB.gif]
[www.rpmanager.com/screenshots/3.1Update/rushInAction.gif]
[www.rpmanager.com/screenshots/Full/ObjectPropertiesRoll.gif]
[www.rpmanager.com/screenshots/Full/CallbacksRoll.gif]
[www.rpmanager.com/screenshots/Full/ScriptsPerPass.gif]
[www.rpmanager.com/screenshots/Full/PreviewOverrides.gif]
[www.rpmanager.com/screenshots/Full/PreviewOverridesBZ.gif]
[www.rpmanager.com/screenshots/Full/PreviewOverridesVR.gif]
[www.rpmanager.com/screenshots/Full/PreviewOverridesMR.gif]
[www.rpmanager.com/screenshots/Full/PreviewOverridesFR.gif]
[www.rpmanager.com/screenshots/Full/QuickComp.gif]
[www.rpmanager.com/screenshots/Full/CustomRollout.gif]
[www.rpmanager.com/screenshots/Full/WarningsRoll.gif]
[www.rpmanager.com/screenshots/Full/RenderSubmissionComplete.gif]
[www.rpmanager.com/screenshots/Full/PassNotes.gif]
[www.rpmanager.com/screenshots/Full/PassOptions.gif]
[www.rpmanager.com/screenshots/Full/OutputPath_FormatInspector.gif]
[www.rpmanager.com/screenshots/Full/Alerts.gif]
[www.rpmanager.com/screenshots/Full/objPropPicker.gif]
[www.rpmanager.com/screenshots/Full/VisSetManager.gif]
[www.rpmanager.com/screenshots/Full/VisSetOptions.gif]
[www.rpmanager.com/screenshots/Full/ImportSelSets.gif]
[www.rpmanager.com/screenshots/Full/RendererRCmenu.gif]
[www.rpmanager.com/screenshots/Lite/LiteReducedTabs.gif]
[www.rpmanager.com/screenshots/fullThumb/CommonParamsExpandedGlobals.gif]
[www.rpmanager.com/images/bottomBar.jpg]
[www.rpmanager.com/images/siteTop_downloads-black.jpg]
[www.rpmanager.com/images/siteTop_purchase-black.jpg]
[www.rpmanager.com/images/paypalBuyFull.gif]
[www.rpmanager.com/images/paypalBuyLite.gif]
[www.rpmanager.com/images/paypalBuyUpgrade.gif]
[www.rpmanager.com/images/siteTop_tutorials-black.jpg]
[www.paypal.com/images/view_cart_02.gif]
[www.rpmanager.com/images/siteTop_freeTools-black.jpg]
[www.rpmanager.com/bonusTools/RPMdlx.dlx]
[www.rpmanager.com/bonusTools/R6/RPMdlx.dlx]
[www.rpmanager.com/screenshots/bonusTools/psdPathUnwrapper.gif]
[www.rpmanager.com/bonusTools/PSDpathUnwrapper/unwrappedHead.zip]
[www.rpmanager.com/bonusTools/PSDpathUnwrapper/RPManager-PSDPathUnwrapper.mzp]
[www.rpmanager.com/screenshots/bonusTools/skinTools_01.gif]
[www.rpmanager.com/screenshots/bonusTools/skinTools_02.gif]
[www.rpmanager.com/bonusTools/skinTools/RPManager-Skintools_Env2.0.zip]
[www.rpmanager.com/bonusTools/quickNav/interface.gif]
[www.rpmanager.com/bonusTools/quickNav/pathManger.gif]
[www.rpmanager.com/bonusTools/quickNav/floating.gif]
[www.rpmanager.com/bonusTools/quickNav/rcmenu.gif]
[www.rpmanager.com/bonusTools/quickNav/RPManager-quickNav.mzp]
[www.rpmanager.com/images/siteMiddleShortS_04-black.jpg]
[www.rpmanager.com/installers/limitedLicenses/personal/RPMPersonalLicenseInstall.exe]
[www.rpmanager.com/installers/RPManagerSetup_3.13.exe]
[www.rpmanager.com/installers/limitedLicenses/evaluation/RPMEvalLicenseInstall.exe]
[www.rpmanager.com/installers/Rendermanager_3/VersionInfo.txt]
[www.rpmanager.com/installers/RPManagerLiteSetup_3.13.exe]
[www.rpmanager.com/downloadForm_3.htm]
[www.rpmanager.com/installers/RendermanagerLite_3/VersionInfo.txt]
[www.rpmanager.com/installers/RPManagerSetup_3.122.exe]
[www.rpmanager.com/installers/RPManagerLiteSetup_3.12.exe]
[www.rpmanager.com/downloadForm_2.htm]
[www.rpmanager.com/registrationProcess.htm]
[www.rpmanager.com/thanks.htm]
[www.rpmanager.com/tutorials/QuickStart_01/QuickStart_01.htm]
[www.rpmanager.com/tutorials/QuickStart_02/QuickStart_02.htm]
[www.rpmanager.com/tutorials/QuickStart_03/QuickStart_03.htm]
[www.rpmanager.com/tutorials/QuickStart_04/QuickStart_04.htm]
[www.rpmanager.com/tutorials/QuickStart_05/QuickStart_05.htm]
[www.rpmanager.com/tutorials/QuickStart_06/QuickStart_06.htm]
[www.rpmanager.com/tutorials/tutorialOne_basicUse.htm]
[www.rpmanager.com/installers/RPManagerSetup_2.122.exe]
[www.rpmanager.com/downloadForm_3b.htm]
[www.rpmanager.com/licenseRequestError.htm]
[www.rpmanager.com/installers/RPManagerLiteSetup_2.12.exe]
[www.rpmanager.com/installers/RendermanagerLite_2/VersionInfo.txt]
[www.rpmanager.com/tutorials/QuickStart_01/movs/QS01_createPasses.mov]
[www.rpmanager.com/downloadForm_2b.htm]
[www.rpmanager.com/tutorials/QuickStart_01/movs/QS01_createPasses.zip]
[www.rpmanager.com/tutorials/QuickStart_01/images/passList.gif]
[www.rpmanager.com/tutorials/QuickStart_01/movs/QS01_RCmenus.mov]
[www.rpmanager.com/tutorials/QuickStart_01/movs/QS01_RCmenus.zip]
[www.rpmanager.com/tutorials/QuickStart_01/movs/QS01_ChangeCameras.mov]
[www.rpmanager.com/tutorials/QuickStart_01/movs/QS01_ChangeCameras.zip]
[www.rpmanager.com/tutorials/QuickStart_01/images/siteTop_bg01-siteTop_about_.jpg]
[www.rpmanager.com/tutorials/QuickStart_01/images/siteTop_bg01.jpg]
[www.rpmanager.com/tutorials/QuickStart_01/movs/QS01_submit.mov]
[www.rpmanager.com/tutorials/QuickStart_01/movs/QS01_submit.zip]
[www.rpmanager.com/tutorials/QuickStart_02/movs/QS02_createVisSets.mov]
[www.rpmanager.com/tutorials/QuickStart_02/movs/QS02_createVisSets.zip]
[www.rpmanager.com/tutorials/QuickStart_02/movs/QS02_assignVisSets.mov]
[www.rpmanager.com/tutorials/QuickStart_02/movs/QS02_assignVisSets.zip]
[www.rpmanager.com/tutorials/QuickStart_02/movs/QS02_addRemVisSets.mov]
[www.rpmanager.com/tutorials/QuickStart_02/images/siteTop_bg01-siteTop_about_.jpg]
[www.rpmanager.com/tutorials/QuickStart_02/images/siteTop_bg01.jpg]
[www.rpmanager.com/tutorials/QuickStart_02/movs/QS02_addRemVisSets.zip]
[www.rpmanager.com/tutorials/QuickStart_03/movs/QS03_previewOverrides.mov]
[www.rpmanager.com/tutorials/QuickStart_03/movs/QS03_previewOverrides.zip]
[www.rpmanager.com/tutorials/QuickStart_04/movs/QS04_outputStructure.mov]
[www.rpmanager.com/tutorials/QuickStart_04/movs/QS04_outputStructure.zip]
[www.rpmanager.com/tutorials/QuickStart_04/movs/QS04_autoPicked.mov]
[www.rpmanager.com/tutorials/QuickStart_03/images/siteTop_bg01-siteTop_about_.jpg]
[www.rpmanager.com/tutorials/QuickStart_03/images/siteTop_bg01.jpg]
[www.rpmanager.com/tutorials/QuickStart_04/movs/QS04_autoPicked.zip]
[www.rpmanager.com/tutorials/QuickStart_04/movs/QS04_autoFromRoot.mov]
[www.rpmanager.com/tutorials/QuickStart_04/images/siteTop_bg01-siteTop_about_.jpg]
[www.rpmanager.com/tutorials/QuickStart_04/images/siteTop_bg01.jpg]
[www.rpmanager.com/tutorials/QuickStart_04/movs/QS04_autoFromRoot.zip]
[www.rpmanager.com/tutorials/QuickStart_05/movs/QS05_effects.mov]
[www.rpmanager.com/tutorials/QuickStart_05/movs/QS05_effects.zip]
[www.rpmanager.com/tutorials/QuickStart_06/movs/QS06_objectProps.mov]
[www.rpmanager.com/tutorials/QuickStart_06/movs/QS06_objectProps.zip]
[www.rpmanager.com/tutorials/tutorialOne/tutorialOneQT.zip]
[www.rpmanager.com/tutorials/tutorialOne/RPM_tuteOne_starterScene.zip]
[www.rpmanager.com/tutorials/tutorialOne/screen01.jpg]
[www.rpmanager.com/tutorials/tutorialOne/screenImages/One.gif]
[www.rpmanager.com/tutorials/QuickStart_05/images/siteTop_bg01-siteTop_about_.jpg]
[www.rpmanager.com/tutorials/QuickStart_05/images/siteTop_bg01.jpg]
[www.rpmanager.com/tutorials/QuickStart_06/images/siteTop_bg01-siteTop_about_.jpg]
[www.rpmanager.com/tutorials/QuickStart_06/images/siteTop_bg01.jpg]
[www.rpmanager.com/tutorials/tutorialOne/screenImages/Two.gif]
[www.rpmanager.com/tutorials/tutorialOne/screenImages/Three.gif]
[www.rpmanager.com/tutorials/tutorialOne/screenImages/four.gif]
[www.rpmanager.com/tutorials/tutorialOne/screenImages/Five.gif]
[www.rpmanager.com/tutorials/tutorialOne/screenImages/six.gif]
[www.rpmanager.com/tutorials/tutorialOne/screenImages/seven.gif]
[www.rpmanager.com/tutorials/tutorialOne/screenImages/eight.gif]
[www.rpmanager.com/tutorials/tutorialOne/screenImages/nine.gif]
[www.rpmanager.com/tutorials/tutorialOne/screenImages/ten.gif]
[www.rpmanager.com/tutorials/tutorialOne/screenImages/eleven.gif]
[www.rpmanager.com/tutorials/tutorialOne/screenImages/twelve.gif]
[www.rpmanager.com/tutorials/tutorialOne/screenImages/thirteen.gif]
[www.rpmanager.com/tutorials/images/siteTop_bg01-siteTop_about_.jpg]
[www.rpmanager.com/tutorials/images/siteTop_bg01.jpg]
[www.rpmanager.com/tutorials/tutorialOne/screenImages/fourteen.gif]
[www.rpmanager.com/tutorials/tutorialOne/screenImages/fifteen.gif]
[www.rpmanager.com/tutorials/tutorialOne/screenImages/sixteen.gif]
[www.rpmanager.com/tutorials/tutorialOne/screenImages/seventeen.gif]
[www.rpmanager.com/tutorials/tutorialOne/screenImages/eighteen.gif]
[www.rpmanager.com/tutorials/tutorialOne/screenImages/nineteen.gif]
[www.rpmanager.com/tutorials/tutorialOne/screenImages/twenty.gif]
[www.rpmanager.com/tutorials/tutorialOne/screenImages/twentyOne.gif]
[www.rpmanager.com/installers/HistoryFull.txt]
[www.rpmanager.com/installers/historyLite.txt]
